<?xml version="1.0" encoding="UTF-8"?>
<testsuites name="jest tests" tests="4" failures="0" errors="0" time="386.431">
  <testsuite name="Crawler Similarity Tests" errors="0" failures="0" skipped="0" timestamp="2026-04-10T06:48:01" time="386.323" tests="4">
    <testcase classname="Crawler Similarity Tests cmlabs - visual similarity" name="Crawler Similarity Tests cmlabs - visual similarity" time="141.549">
    </testcase>
    <testcase classname="Crawler Similarity Tests sequence - visual similarity" name="Crawler Similarity Tests sequence - visual similarity" time="94.527">
    </testcase>
    <testcase classname="Crawler Similarity Tests reactdev - visual similarity" name="Crawler Similarity Tests reactdev - visual similarity" time="149.166">
    </testcase>
    <testcase classname="Similarity Report Generation generate summary report" name="Similarity Report Generation generate summary report" time="0.002">
    </testcase>
  </testsuite>
</testsuites>